{"TimeStamp": 1696184966.3609178, "LoadAvg": ["0.76 0.92 0.78 6/3237 44039"], "MemInfo": ["MemTotal:       32814696 kB", "MemFree:        11987232 kB", "MemAvailable:   21019640 kB", "Buffers:          465372 kB", "Cached:          8976208 kB", "SwapCached:            0 kB", "Active:          2529684 kB", "Inactive:       16494716 kB", "Active(anon):      24740 kB", "Inactive(anon): 10042272 kB", "Active(file):    2504944 kB", "Inactive(file):  6452444 kB", "Unevictable:          80 kB", "Mlocked:              80 kB", "SwapTotal:       2097148 kB", "SwapFree:        2097148 kB", "Zswap:                 0 kB", "Zswapped:              0 kB", "Dirty:             13208 kB", "Writeback:             0 kB", "AnonPages:       9583288 kB", "Mapped:          1820892 kB", "Shmem:            484184 kB", "KReclaimable:     544304 kB", "Slab:             904584 kB", "SReclaimable:     544304 kB", "SUnreclaim:       360280 kB", "KernelStack:       52528 kB", "PageTables:       100228 kB", "SecPageTables:         0 kB", "NFS_Unstable:          0 kB", "Bounce:                0 kB", "WritebackTmp:          0 kB", "CommitLimit:    18504496 kB", "Committed_AS:   33545908 kB", "VmallocTotal:   34359738367 kB", "VmallocUsed:      148504 kB", "VmallocChunk:          0 kB", "Percpu:            61248 kB", "HardwareCorrupted:     0 kB", "AnonHugePages:         0 kB", "ShmemHugePages:        0 kB", "ShmemPmdMapped:        0 kB", "FileHugePages:         0 kB", "FilePmdMapped:         0 kB", "HugePages_Total:       0", "HugePages_Free:        0", "HugePages_Rsvd:        0", "HugePages_Surp:        0", "Hugepagesize:       2048 kB", "Hugetlb:               0 kB", "DirectMap4k:     1044488 kB", "DirectMap2M:    19896320 kB", "DirectMap1G:    14680064 kB"], "Swaps": ["Filename\t\t\t\tType\t\tSize\t\tUsed\t\tPriority", "/swapfile                               file\t\t2097148\t\t0\t\t-2"], "UpTime": ["34778.27 1649743.34"]}